C:\Users\shala\Documents\MCUXpressoIDE_11.5.0_7232\workspace\PESFinalProject\CMSIS/core_cm0plus.h:745:22:NVIC_EnableIRQ	16	static
C:\Users\shala\Documents\MCUXpressoIDE_11.5.0_7232\workspace\PESFinalProject\CMSIS/core_cm0plus.h:791:22:NVIC_ClearPendingIRQ	16	static
C:\Users\shala\Documents\MCUXpressoIDE_11.5.0_7232\workspace\PESFinalProject\CMSIS/core_cm0plus.h:804:22:NVIC_SetPriority	24	static
../source/dac.c:30:6:init_dac	8	static
../source/dac.c:52:6:init_dma	8	static
../source/dac.c:77:6:init_tpm0	8	static
../source/dac.c:97:6:buffer_data_copy	16	static
../source/dac.c:115:6:start_tone	8	static
../source/dac.c:135:6:DMA0_IRQHandler	8	static
